[2026-09-24 12:05:27,954][genesis][INFO] - ~<╭─────────────────────────────────────────────────────────────────────────────────────╮>~
[2026-09-24 12:05:27,954][genesis][INFO] - ~<│┈┉┈┉┈┉┈┉┈┉┈┉┈┉┈┉┈┉┈┉┈┉┈┉┈┉┈┉┈┉┈┉┈┉┈┉┈┉>~ ~~~~<Genesis>~~~~ ~<┈┉┈┉┈┉┈┉┈┉┈┉┈┉┈┉┈┉┈┉┈┉┈┉┈┉┈┉┈┉┈┉┈┉┈┉┈┉│>~
[2026-09-24 12:05:27,954][genesis][INFO] - ~<╰─────────────────────────────────────────────────────────────────────────────────────╯>~
[2026-09-24 12:05:28,031][genesis][INFO] - Running on ~~<[Apple M5 Pro]>~~ with backend ~~<gs.metal>~~. Device memory: ~~<24.00>~~ GB.
[2026-09-24 12:05:28,031][genesis][INFO] - 🚀 Genesis initialized. 🔖 version: ~~<1.4.2>~~, 🎨 theme: ~~<dark>~~, 🌱 seed: ~~<42>~~, 🐛 debug: ~~<False>~~, 📏 precision: ~~<32>~~, 🔥 performance: ~~<False>~~, 💬 verbose: ~~<INFO>~~
[2026-09-24 12:05:28,276][genesis][INFO] - Scene ~~~<<7857ae4>>~~~ created.
[2026-09-24 12:05:28,298][genesis][INFO] - Adding ~<<gs.engine.entities.RigidEntity>>~. idx: ~<0>~, uid: ~~~<<3c7865b>>~~~, morph: ~<<gs.morphs.Plane>>~, material: ~<<gs.materials.Rigid>>~.
[2026-09-24 12:05:30,106][genesis][WARNING] - Mesh is not watertight. Falling back to convex hull for estimating inertial properties.
[2026-09-24 12:05:30,108][genesis][WARNING] - Mesh is not watertight. Falling back to convex hull for estimating inertial properties.
[2026-09-24 12:05:30,426][genesis][WARNING] - Mesh is not watertight. Falling back to convex hull for estimating inertial properties.
[2026-09-24 12:05:30,668][genesis][WARNING] - Mesh is not watertight. Falling back to convex hull for estimating inertial properties.
[2026-09-24 12:05:30,906][genesis][INFO] - Adding ~<<gs.engine.entities.RigidEntity>>~. idx: ~<1>~, uid: ~~~<<0853792>>~~~, morph: ~<<gs.morphs.MJCF(file='/Users/noyllopa/Desktop/IAI/homework1/src/microduck/assets/robot_allcollisions.xml')>>~, material: ~<<gs.materials.Rigid>>~.
[2026-09-24 12:05:30,954][genesis][INFO] - Building scene ~~~<<7857ae4>>~~~...
[2026-09-24 12:05:36,054][genesis][INFO] - Compiling simulation kernels...
[2026-09-24 12:05:53,096][genesis][INFO] - Building visualizer...
[2026-09-24 12:05:53,179][genesis][WARNING] - This property is deprecated and will be removed in future release. Please use 'dofs_idx_local' instead.
[2026-09-24 12:05:53,179][genesis][WARNING] - This property is deprecated and will be removed in future release. Please use 'dofs_idx_local' instead.
[2026-09-24 12:05:53,179][genesis][WARNING] - This property is deprecated and will be removed in future release. Please use 'dofs_idx_local' instead.
[2026-09-24 12:05:53,179][genesis][WARNING] - This property is deprecated and will be removed in future release. Please use 'dofs_idx_local' instead.
[2026-09-24 12:05:53,179][genesis][WARNING] - This property is deprecated and will be removed in future release. Please use 'dofs_idx_local' instead.
[2026-09-24 12:05:53,179][genesis][WARNING] - This property is deprecated and will be removed in future release. Please use 'dofs_idx_local' instead.
[2026-09-24 12:05:53,179][genesis][WARNING] - This property is deprecated and will be removed in future release. Please use 'dofs_idx_local' instead.
[2026-09-24 12:05:53,179][genesis][WARNING] - This property is deprecated and will be removed in future release. Please use 'dofs_idx_local' instead.
[2026-09-24 12:05:53,179][genesis][WARNING] - This property is deprecated and will be removed in future release. Please use 'dofs_idx_local' instead.
[2026-09-24 12:05:53,179][genesis][WARNING] - This property is deprecated and will be removed in future release. Please use 'dofs_idx_local' instead.
[2026-09-24 12:05:53,179][genesis][WARNING] - This property is deprecated and will be removed in future release. Please use 'dofs_idx_local' instead.
[2026-09-24 12:05:53,179][genesis][WARNING] - This property is deprecated and will be removed in future release. Please use 'dofs_idx_local' instead.
[2026-09-24 12:05:53,179][genesis][WARNING] - This property is deprecated and will be removed in future release. Please use 'dofs_idx_local' instead.
[2026-09-24 12:05:53,179][genesis][WARNING] - This property is deprecated and will be removed in future release. Please use 'dofs_idx_local' instead.
[2026-09-24 12:05:53,180][genesis][INFO] - 💤 Exiting Genesis and caching compiled kernels...
